(let max2 = (fun x (fun y (if (> x y) x y))) in (let a = 5 in (let b = 2 in ((max2 a) b))))
