(let power : int -> int -> int = (fix f (x: int) : int -> int -> (fun (y: int) : int -> (if (= y 0) 1 (* x ((f x) (- y 1)))))) in ((power 6) 3))
