Fatal error: exception Failure("Binary op typechecking failed, expected input type: int, actual: int and bool")
