(2, false, (fun (z: int) : int -> (- z 1)), (), (2, 3), (ptr, address: 2))
